1. Create Spring Boot PRoject
2.Create Docker File

<build>
<finalName>docker-demo</finalName>
</build>

DockerFile	
FROM java:8

EXPOSE 8080

ADD target/docker-demo.jar docker-demo.jar 

ENTRYPOINT [ "java",".jar","docker-demo.jar" ]


3.Create Local Image of Docker
docker build -t docker-demo .
docker images

4.Push Image to Docker Hub
5.Pull Image from Docker Hub
docker tag docker-demo bikashdhal006/docker-demo
docker push bikashdhal006/docker-demo


docker run -p 8080:8080 bikashdhal006/docker-demo (port of localmachinena and port of pulling the image)

Run Project using Docker Hub


LOGS
Microsoft Windows [Version 10.0.18363.1916]
(c) 2019 Microsoft Corporation. All rights reserved.

C:\Users\user>docker

Usage:  docker [OPTIONS] COMMAND

A self-sufficient runtime for containers

Options:
      --config string      Location of client config files (default
                           "C:\\Users\\user\\.docker")
  -c, --context string     Name of the context to use to connect to the
                           daemon (overrides DOCKER_HOST env var and
                           default context set with "docker context use")
  -D, --debug              Enable debug mode
  -H, --host list          Daemon socket(s) to connect to
  -l, --log-level string   Set the logging level
                           ("debug"|"info"|"warn"|"error"|"fatal")
                           (default "info")
      --tls                Use TLS; implied by --tlsverify
      --tlscacert string   Trust certs signed only by this CA (default
                           "C:\\Users\\user\\.docker\\ca.pem")
      --tlscert string     Path to TLS certificate file (default
                           "C:\\Users\\user\\.docker\\cert.pem")
      --tlskey string      Path to TLS key file (default
                           "C:\\Users\\user\\.docker\\key.pem")
      --tlsverify          Use TLS and verify the remote
  -v, --version            Print version information and quit

Management Commands:
  builder     Manage builds
  buildx*     Build with BuildKit (Docker Inc., v0.6.3)
  compose*    Docker Compose (Docker Inc., v2.1.1)
  config      Manage Docker configs
  container   Manage containers
  context     Manage contexts
  image       Manage images
  manifest    Manage Docker image manifests and manifest lists
  network     Manage networks
  node        Manage Swarm nodes
  plugin      Manage plugins
  scan*       Docker Scan (Docker Inc., 0.9.0)
  secret      Manage Docker secrets
  service     Manage services
  stack       Manage Docker stacks
  swarm       Manage Swarm
  system      Manage Docker
  trust       Manage trust on Docker images
  volume      Manage volumes

Commands:
  attach      Attach local standard input, output, and error streams to a running container
  build       Build an image from a Dockerfile
  commit      Create a new image from a container's changes
  cp          Copy files/folders between a container and the local filesystem
  create      Create a new container
  diff        Inspect changes to files or directories on a container's filesystem
  events      Get real time events from the server
  exec        Run a command in a running container
  export      Export a container's filesystem as a tar archive
  history     Show the history of an image
  images      List images
  import      Import the contents from a tarball to create a filesystem image
  info        Display system-wide information
  inspect     Return low-level information on Docker objects
  kill        Kill one or more running containers
  load        Load an image from a tar archive or STDIN
  login       Log in to a Docker registry
  logout      Log out from a Docker registry
  logs        Fetch the logs of a container
  pause       Pause all processes within one or more containers
  port        List port mappings or a specific mapping for the container
  ps          List containers
  pull        Pull an image or a repository from a registry
  push        Push an image or a repository to a registry
  rename      Rename a container
  restart     Restart one or more containers
  rm          Remove one or more containers
  rmi         Remove one or more images
  run         Run a command in a new container
  save        Save one or more images to a tar archive (streamed to STDOUT by default)
  search      Search the Docker Hub for images
  start       Start one or more stopped containers
  stats       Display a live stream of container(s) resource usage statistics
  stop        Stop one or more running containers
  tag         Create a tag TARGET_IMAGE that refers to SOURCE_IMAGE
  top         Display the running processes of a container
  unpause     Unpause all processes within one or more containers
  update      Update configuration of one or more containers
  version     Show the Docker version information
  wait        Block until one or more containers stop, then print their exit codes

Run 'docker COMMAND --help' for more information on a command.

To get more help with docker, check out our guides at https://docs.docker.com/go/guides/

C:\Users\user>docker login
Authenticating with existing credentials...
Login Succeeded

Logging in with your password grants your terminal complete access to your account.
For better security, log in with a limited-privilege personal access token. Learn more at https://docs.docker.com/go/access-tokens/

C:\Users\user>cd f:
F:\

C:\Users\user>f
'f' is not recognized as an internal or external command,
operable program or batch file.

C:\Users\user>f:

F:\>F:\Docker\docker-demo
'F:\Docker\docker-demo' is not recognized as an internal or external command,
operable program or batch file.

F:\>cd F:\Docker\docker-demo

F:\Docker\docker-demo>ls
'ls' is not recognized as an internal or external command,
operable program or batch file.

F:\Docker\docker-demo>dir
 Volume in drive F is Work
 Volume Serial Number is 6EB6-0D6F

 Directory of F:\Docker\docker-demo

11/16/2021  01:41 PM    <DIR>          .
11/16/2021  01:41 PM    <DIR>          ..
11/16/2021  01:37 PM             2,017 .classpath
11/16/2021  01:38 PM             6,580 .factorypath
11/16/2021  01:36 PM               395 .gitignore
11/16/2021  01:36 PM    <DIR>          .mvn
11/16/2021  01:38 PM               716 .project
11/16/2021  01:38 PM    <DIR>          .settings
11/16/2021  02:20 PM               123 DockerFile
11/16/2021  01:36 PM             1,224 HELP.md
11/16/2021  01:36 PM            10,070 mvnw
11/16/2021  01:36 PM             6,608 mvnw.cmd
11/16/2021  02:16 PM             1,919 pom.xml
11/16/2021  01:36 PM    <DIR>          src
11/16/2021  02:23 PM    <DIR>          target
               9 File(s)         29,652 bytes
               6 Dir(s)  101,164,371,968 bytes free

F:\Docker\docker-demo>docker build -t docker-demo .
[+] Building 0.1s (1/2)
 => [internal] load build definition from Dockerfile                                                               0.0s
 => => transferring dockerfile: 2B                                                                                 0.0s
failed to solve with frontend dockerfile.v0: failed to read dockerfile: open /var/lib/docker/tmp/buildkit-mount538981048/Dockerfile: no such file or directory

F:\Docker\docker-demo>docker build -t docker-demo
"docker build" requires exactly 1 argument.
See 'docker build --help'.

Usage:  docker build [OPTIONS] PATH | URL | -

Build an image from a Dockerfile

F:\Docker\docker-demo>docker build -t docker-demo
"docker build" requires exactly 1 argument.
See 'docker build --help'.

Usage:  docker build [OPTIONS] PATH | URL | -

Build an image from a Dockerfile

F:\Docker\docker-demo>docker build -t docker-demo .
[+] Building 55.9s (8/8) FINISHED
 => [internal] load build definition from Dockerfile                                                               0.0s
 => => transferring dockerfile: 160B                                                                               0.0s
 => [internal] load .dockerignore                                                                                  0.0s
 => => transferring context: 2B                                                                                    0.0s
 => [internal] load metadata for docker.io/library/java:8                                                          5.0s
 => [auth] library/java:pull token for registry-1.docker.io                                                        0.0s
 => [internal] load build context                                                                                  1.8s
 => => transferring context: 19.52MB                                                                               1.8s
 => [1/2] FROM docker.io/library/java:8@sha256:c1ff613e8ba25833d2e1940da0940c3824f03f802c449f3d1815a66b7f8c0e9d   50.1s
 => => resolve docker.io/library/java:8@sha256:c1ff613e8ba25833d2e1940da0940c3824f03f802c449f3d1815a66b7f8c0e9d    0.0s
 => => sha256:d23bdf5b1b1b1afce5f1d0fd33e7ed8afbc084b594b9ccf742a5b27080d8a4a8 4.73kB / 4.73kB                     0.0s
 => => sha256:c1ff613e8ba25833d2e1940da0940c3824f03f802c449f3d1815a66b7f8c0e9d 2.00kB / 2.00kB                     0.0s
 => => sha256:5040bd2983909aa8896b9932438c3f1479d25ae837a5f6220242a264d0221f2d 51.36MB / 51.36MB                  18.0s
 => => sha256:fce5728aad85a763fe3c419db16885eb6f7a670a42824ea618414b8fb309ccde 18.54MB / 18.54MB                  19.2s
 => => sha256:76610ec20bf5892e24cebd4153c7668284aa1d1151b7c3b0c7d50c579aa5ce75 42.50MB / 42.50MB                  14.5s
 => => sha256:60170fec2151d2108ed1420625c51138434ba4e0223d3023353d3f32ffe3cfc2 593.15kB / 593.15kB                16.2s
 => => sha256:e98f73de8f0d2ef292f58b004d67bc6e9ee779dcfaff7ebb3964649d4787b872 214B / 214B                        16.9s
 => => sha256:11f7af24ed9cf47597dd6cf9963bb3e9109c963f0135e869a9e9b4999fdc12a3 242B / 242B                        17.6s
 => => sha256:49e2d6393f32abb1de7c9395c04c822ceb2287383d5a90998f7bd8dbfd43d48c 130.10MB / 130.10MB                41.1s
 => => sha256:bb9cdec9c7f337940f7d872274353b66e118412cbfd433c711361bcf7922aea4 289.05kB / 289.05kB                19.2s
 => => extracting sha256:5040bd2983909aa8896b9932438c3f1479d25ae837a5f6220242a264d0221f2d                          8.3s
 => => extracting sha256:fce5728aad85a763fe3c419db16885eb6f7a670a42824ea618414b8fb309ccde                          2.5s
 => => extracting sha256:76610ec20bf5892e24cebd4153c7668284aa1d1151b7c3b0c7d50c579aa5ce75                          7.8s
 => => extracting sha256:60170fec2151d2108ed1420625c51138434ba4e0223d3023353d3f32ffe3cfc2                          0.2s
 => => extracting sha256:e98f73de8f0d2ef292f58b004d67bc6e9ee779dcfaff7ebb3964649d4787b872                          0.0s
 => => extracting sha256:11f7af24ed9cf47597dd6cf9963bb3e9109c963f0135e869a9e9b4999fdc12a3                          0.0s
 => => extracting sha256:49e2d6393f32abb1de7c9395c04c822ceb2287383d5a90998f7bd8dbfd43d48c                          8.5s
 => => extracting sha256:bb9cdec9c7f337940f7d872274353b66e118412cbfd433c711361bcf7922aea4                          0.1s
 => [2/2] ADD target/docker-demo.jar docker-demo.jar                                                               0.4s
 => exporting to image                                                                                             0.2s
 => => exporting layers                                                                                            0.2s
 => => writing image sha256:bcc7101a5bbf16833d70277c9de8fa8259c4a27d603c91f0365b80e73a1a16f6                       0.0s
 => => naming to docker.io/library/docker-demo                                                                     0.0s

Use 'docker scan' to run Snyk tests against images to find vulnerabilities and learn how to fix them

F:\Docker\docker-demo>docker images
REPOSITORY    TAG       IMAGE ID       CREATED          SIZE
docker-demo   latest    bcc7101a5bbf   12 minutes ago   663MB

F:\Docker\docker-demo>docker tag docker-demo bikashdhal006/docker-demo

F:\Docker\docker-demo>docker push bikashdhal006/docker-demo
Using default tag: latest
The push refers to repository [docker.io/bikashdhal006/docker-demo]
bc79c47511ff: Pushed                                                                                                    35c20f26d188: Mounted from library/java                                                                                 c3fe59dd9556: Mounted from library/java                                                                                 6ed1a81ba5b6: Mounted from library/java                                                                                 a3483ce177ce: Mounted from library/java                                                                                 ce6c8756685b: Mounted from library/java                                                                                 30339f20ced0: Mounted from library/java                                                                                 0eb22bfb707d: Mounted from library/java                                                                                 a2ae92ffcd29: Mounted from library/java                                                                                 latest: digest: sha256:1d39744dbeb8da712eb3dec0a7424c0c618d7f5f6a52ccec727d32a2a1935b38 size: 2212

F:\Docker\docker-demo>docker images
REPOSITORY                  TAG       IMAGE ID       CREATED          SIZE
bikashdhal006/docker-demo   latest    bcc7101a5bbf   18 minutes ago   663MB
docker-demo                 latest    bcc7101a5bbf   18 minutes ago   663MB

F:\Docker\docker-demo>docker rmi docker-demo bikashdhal006/docker-demo
Untagged: docker-demo:latest
Untagged: bikashdhal006/docker-demo:latest
Untagged: bikashdhal006/docker-demo@sha256:1d39744dbeb8da712eb3dec0a7424c0c618d7f5f6a52ccec727d32a2a1935b38
Deleted: sha256:bcc7101a5bbf16833d70277c9de8fa8259c4a27d603c91f0365b80e73a1a16f6

F:\Docker\docker-demo>docker images
REPOSITORY   TAG       IMAGE ID   CREATED   SIZE

F:\Docker\docker-demo>docker run -p 8080:8080 bikashdhal006/docker-demo
Unable to find image 'bikashdhal006/docker-demo:latest' locally
latest: Pulling from bikashdhal006/docker-demo
5040bd298390: Already exists                                                                                            fce5728aad85: Already exists                                                                                            76610ec20bf5: Already exists                                                                                            60170fec2151: Already exists                                                                                            e98f73de8f0d: Already exists                                                                                            11f7af24ed9c: Already exists                                                                                            49e2d6393f32: Already exists                                                                                            bb9cdec9c7f3: Already exists                                                                                            feb4c0b980a5: Already exists                                                                                            Digest: sha256:1d39744dbeb8da712eb3dec0a7424c0c618d7f5f6a52ccec727d32a2a1935b38
Status: Downloaded newer image for bikashdhal006/docker-demo:latest
Error: Could not find or load main class .jar

F:\Docker\docker-demo>docker run -p 8080:8080 bikashdhal006/docker-demo
Error: Could not find or load main class .jar

[+] Building 4.8s (8/8) FINISHED
 => [internal] load build definition from Dockerfile                                                               0.0s
 => => transferring dockerfile: 160B                                                                               0.0s
 => [internal] load .dockerignore                                                                                  0.0s
 => => transferring context: 2B                                                                                    0.0s
 => [internal] load metadata for docker.io/library/java:8                                                          3.6s
 => [auth] library/java:pull token for registry-1.docker.io                                                        0.0s
 => [internal] load build context                                                                                  0.5s
 => => transferring context: 19.52MB                                                                               0.5s
 => CACHED [1/2] FROM docker.io/library/java:8@sha256:c1ff613e8ba25833d2e1940da0940c3824f03f802c449f3d1815a66b7f8  0.0s
 => [2/2] ADD target/docker-demo.jar docker-demo.jar                                                               0.3s
 => exporting to image                                                                                             0.2s
 => => exporting layers                                                                                            0.2s
 => => writing image sha256:0dd727e8fc44a3f5be4b43afb47eb6430de9b7d055b66f278ac8d25c7ad364f4                       0.0s
 => => naming to docker.io/library/docker-demo                                                                     0.0s

Use 'docker scan' to run Snyk tests against images to find vulnerabilities and learn how to fix them

F:\Docker\docker-demo>docker images
REPOSITORY                  TAG       IMAGE ID       CREATED          SIZE
docker-demo                 latest    0dd727e8fc44   9 seconds ago    663MB
bikashdhal006/docker-demo   latest    bcc7101a5bbf   35 minutes ago   663MB

F:\Docker\docker-demo>docker tag docker-demo bikashdhal006/docker-demo

F:\Docker\docker-demo>docker push bikashdhal006/docker-demo
Using default tag: latest
The push refers to repository [docker.io/bikashdhal006/docker-demo]
fc6fa89efd25: Pushed                                                                                                    35c20f26d188: Layer already exists                                                                                      c3fe59dd9556: Layer already exists                                                                                      6ed1a81ba5b6: Layer already exists                                                                                      a3483ce177ce: Layer already exists                                                                                      ce6c8756685b: Layer already exists                                                                                      30339f20ced0: Layer already exists                                                                                      0eb22bfb707d: Layer already exists                                                                                      a2ae92ffcd29: Layer already exists                                                                                      latest: digest: sha256:af3cb22b5c1ff81ddcc2ff798a863f64b335dd98342299053f01e1be790fcf63 size: 2212

F:\Docker\docker-demo>docker images
REPOSITORY                  TAG       IMAGE ID       CREATED          SIZE
docker-demo                 latest    0dd727e8fc44   5 minutes ago    663MB
bikashdhal006/docker-demo   latest    0dd727e8fc44   5 minutes ago    663MB
bikashdhal006/docker-demo   <none>    bcc7101a5bbf   40 minutes ago   663MB

F:\Docker\docker-demo>docker rim docker-demo bikashdhal006/docker-demo
docker: 'rim' is not a docker command.
See 'docker --help'

F:\Docker\docker-demo>docker rmi docker-demo bikashdhal006/docker-demo
Untagged: docker-demo:latest
Untagged: bikashdhal006/docker-demo:latest
Untagged: bikashdhal006/docker-demo@sha256:af3cb22b5c1ff81ddcc2ff798a863f64b335dd98342299053f01e1be790fcf63
Deleted: sha256:0dd727e8fc44a3f5be4b43afb47eb6430de9b7d055b66f278ac8d25c7ad364f4

F:\Docker\docker-demo>docker images
REPOSITORY                  TAG       IMAGE ID       CREATED          SIZE
bikashdhal006/docker-demo   <none>    bcc7101a5bbf   40 minutes ago   663MB

F:\Docker\docker-demo>docker rmi docker-demo bikashdhal006/docker-demo
Error: No such image: docker-demo
Error: No such image: bikashdhal006/docker-demo

F:\Docker\docker-demo>docker images
REPOSITORY                  TAG       IMAGE ID       CREATED          SIZE
bikashdhal006/docker-demo   <none>    bcc7101a5bbf   41 minutes ago   663MB

F:\Docker\docker-demo>docker run -p 8080:8080 bikashdhal006/docker-demo
Unable to find image 'bikashdhal006/docker-demo:latest' locally
latest: Pulling from bikashdhal006/docker-demo
5040bd298390: Already exists                                                                                            fce5728aad85: Already exists                                                                                            76610ec20bf5: Already exists                                                                                            60170fec2151: Already exists                                                                                            e98f73de8f0d: Already exists                                                                                            11f7af24ed9c: Already exists                                                                                            49e2d6393f32: Already exists                                                                                            bb9cdec9c7f3: Already exists                                                                                            794aeae47ec9: Already exists                                                                                            Digest: sha256:af3cb22b5c1ff81ddcc2ff798a863f64b335dd98342299053f01e1be790fcf63
Status: Downloaded newer image for bikashdhal006/docker-demo:latest

  .   ____          _            __ _ _
 /\\ / ___'_ __ _ _(_)_ __  __ _ \ \ \ \
( ( )\___ | '_ | '_| | '_ \/ _` | \ \ \ \
 \\/  ___)| |_)| | | | | || (_| |  ) ) ) )
  '  |____| .__|_| |_|_| |_\__, | / / / /
 =========|_|==============|___/=/_/_/_/
 :: Spring Boot ::                (v2.5.6)

2021-11-16 10:05:34.542  INFO 1 --- [           main] com.docker.DockerDemoApplication         : Starting DockerDemoApplication v0.0.1-SNAPSHOT using Java 1.8.0_111 on 83ebaf94a68b with PID 1 (/docker-demo.jar started by root in /)
2021-11-16 10:05:34.554  INFO 1 --- [           main] com.docker.DockerDemoApplication         : No active profile set, falling back to default profiles: default
2021-11-16 10:05:37.055  INFO 1 --- [           main] o.s.b.w.embedded.tomcat.TomcatWebServer  : Tomcat initialized with port(s): 8080 (http)
2021-11-16 10:05:37.083  INFO 1 --- [           main] o.apache.catalina.core.StandardService   : Starting service [Tomcat]
2021-11-16 10:05:37.084  INFO 1 --- [           main] org.apache.catalina.core.StandardEngine  : Starting Servlet engine: [Apache Tomcat/9.0.54]
2021-11-16 10:05:37.185  INFO 1 --- [           main] o.a.c.c.C.[Tomcat].[localhost].[/]       : Initializing Spring embedded WebApplicationContext
2021-11-16 10:05:37.185  INFO 1 --- [           main] w.s.c.ServletWebServerApplicationContext : Root WebApplicationContext: initialization completed in 2452 ms
2021-11-16 10:05:38.200  INFO 1 --- [           main] o.s.b.a.e.web.EndpointLinksResolver      : Exposing 1 endpoint(s) beneath base path '/actuator'
2021-11-16 10:05:38.285  INFO 1 --- [           main] o.s.b.w.embedded.tomcat.TomcatWebServer  : Tomcat started on port(s): 8080 (http) with context path ''
2021-11-16 10:05:38.327  INFO 1 --- [           main] com.docker.DockerDemoApplication         : Started DockerDemoApplication in 4.773 seconds (JVM running for 5.581)
2021-11-16 10:06:27.184  INFO 1 --- [nio-8080-exec-1] o.a.c.c.C.[Tomcat].[localhost].[/]       : Initializing Spring DispatcherServlet 'dispatcherServlet'
2021-11-16 10:06:27.185  INFO 1 --- [nio-8080-exec-1] o.s.web.servlet.DispatcherServlet        : Initializing Servlet 'dispatcherServlet'
2021-11-16 10:06:27.190  INFO 1 --- [nio-8080-exec-1] o.s.web.servlet.DispatcherServlet        : Completed initialization in 4 ms
